src/app/(protected)/layout.tsx(15,22): error TS2322: Type 'JWTPayload & { role: string; workspaceId: string; id: string; name: string; email: string; permissions: string[]; }' is not assignable to type 'User'.
  Types of property 'role' are incompatible.
    Type 'string' is not assignable to type '"SUPER_ADMIN" | "ADMIN" | "AGENT"'.
src/app/(protected)/proposals/page.tsx(18,9): error TS2322: Type 'string | null' is not assignable to type 'string'.
  Type 'null' is not assignable to type 'string'.
src/app/api/leads/[id]/route.ts(47,60): error TS2551: Property 'assignedAgentId' does not exist on type 'LeadUpdateInput'. Did you mean 'assignedAgent'?
